// Jest Snapshot v1, https://goo.gl/fbAQLP

exports[`correctly renders the footer 1`] = `
<footer
  className="app-footer"
>
  <img
    alt="alice logo"
    src="altice_logo_white_footer.png"
  />
</footer>
`;
